﻿
> vite_react_shadcn_ts@0.0.0 build
> vite build

[36mvite v5.4.19 [32mbuilding for production...[36m[39m
transforming...
node.exe : 
Browserslist: browsers 
data (caniuse-lite) is 
9 months old. Please 
run:
At line:1 char:1
+ & "C:\Program 
Files\nodejs/node.exe" 
"C:\Program 
Files\nodejs/node_mo 
...
+ ~~~~~~~~~~~~~~~~~~~~~
~~~~~~~~~~~~~~~~~~~~~~~
~~~~~~~~~~~~~~~~~~~~~~~
~~
    + CategoryInfo     
         : NotSpecifi  
  ed: (Browserslist:   
  b...ld. Please ru    
n::String) [], Rem    
oteException
    + FullyQualifiedEr 
   rorId : NativeComm  
  andError
 
  npx update-browsersli
st-db@latest
  Why you should do it 
regularly: https://gith
ub.com/browserslist/upd
ate-db#readme
[32m✓[39m 58 modules transformed.
[31mx[39m Build 
failed in 868ms
[31merror during 
build:
[31m[vite]: Rollup 
failed to resolve 
import "lenis" from "C:
/Mugi/Akka/anupriya-s-c
ircuit/src/hooks/useLen
is.ts".
This is most likely 
unintended because it 
can break your 
application at runtime.
If you do want to 
externalize this 
module explicitly add 
it to
`build.rollupOptions.ex
ternal`[31m
    at viteWarn (file:/
//C:/Mugi/Akka/anupriya
-s-circuit/node_modules
/vite/dist/node/chunks/
dep-C6uTJdX2.js:65839:1
7)
    at onwarn (file:///
C:/Mugi/Akka/anupriya-s
-circuit/node_modules/@
vitejs/plugin-react-swc
/index.js:90:7)
    at onRollupWarning 
(file:///C:/Mugi/Akka/a
nupriya-s-circuit/node_
modules/vite/dist/node/
chunks/dep-C6uTJdX2.js:
65869:5)
    at onwarn (file:///
C:/Mugi/Akka/anupriya-s
-circuit/node_modules/v
ite/dist/node/chunks/de
p-C6uTJdX2.js:65534:7)
    at file:///C:/Mugi/
Akka/anupriya-s-circuit
/node_modules/rollup/di
st/es/shared/node-entry
.js:19393:13
    at Object.logger 
[as onLog] (file:///C:/
Mugi/Akka/anupriya-s-ci
rcuit/node_modules/roll
up/dist/es/shared/node-
entry.js:21119:9)
    at ModuleLoader.han
dleInvalidResolvedId (f
ile:///C:/Mugi/Akka/anu
priya-s-circuit/node_mo
dules/rollup/dist/es/sh
ared/node-entry.js:2000
8:26)
    at file:///C:/Mugi/
Akka/anupriya-s-circuit
/node_modules/rollup/di
st/es/shared/node-entry
.js:19966:26[39m
Assertion failed: 
!(handle->flags & 
UV_HANDLE_CLOSING), 
file src\win\async.c, 
line 76
